
ROM used:   118146/131072 (90%)
            118156/131072 (90%) including unused fragments

            4.6 Average locations per line
            13.6 Average locations per statement

RAM used:   2260/3862 (59%) at main() level
            2435/3862 (63%) worst case

Stack used: 10 worst case (7 in main + 3 for interrupts)
Stack size: 31

Lines Stmts  %   Files
----- ----- ---  -----
 7074  4370  50  EPTE_V2_1_SAURON.c
  940     0   0  EPTE_V2_1_SAURON.h
 1226     0   0  ..\..\..\..\..\..\Program Files\PICC\Devices\18F67K22.h
 1352   359   4  ..\..\..\..\..\..\Program Files\PICC\Drivers\stdlib.h
   32     0   0  ..\..\..\..\..\..\Program Files\PICC\Drivers\stddef.h
  435   129   1  ..\..\..\..\..\..\Program Files\PICC\Drivers\string.h
   28     0   0  ..\..\..\..\..\..\Program Files\PICC\Drivers\ctype.h
  354    89   1  ..\Drivers\driver_MMA8451.h
  142    64   1  ..\Drivers\driver_PCA9555_PCA9554.h
  915   174   2  ..\Drivers\BQ34Z100G1.h
   90     0   0  internal_eeprom_registers.h
  569     0   0  ..\Drivers\fat.c
   91    37   0  ..\Drivers\M25AA1024.c
  104     0   0  ..\Drivers\M25AA1024.h
  982   339   4  ..\Drivers\ST7529_MEM.c
  531     0   0  ..\Drivers\ST7529_MEM.h
  690   261   3  preset_registers.h
  359    76   1  informeIngenieria.c
  197     0   0  informeIngenieria.h
 1448  1042  12  ..\ComLib\comunicacion_struct.c
  503     0   0  ..\ComLib\comunicacion_struct.h
 6665  1778  20  menus_epte2.c
  797     0   0  menus_epte2.h
----- -----
25524  8718 Total

Page ROM  %  RAM    Vol Diff  Functions:
---- --- --- ---    --- ----  ----------
0     42   0    1             @delay_ms1
0     12   0    0             @PUTCHARI_BIU_2
0     28   0    0             @GETCH_BIU_2
0     28   0    1             @I2C_WRITEU_1
0     28   0    1             @I2C_READU_1
0    246   0   11             @MULFF
0     54   0    2             @ITOF
0    632   1   16             @ADDFF
0    350   0   14             @DIVFF
0     92   0   14             @MUL3232
0     70   0    5             @DIV1616
0     20   0    0             @GOTOPTR
0     34   0    5             @MUL1616
0     54   0    3    183  3.8  writeRegister8_MMA8451
0     82   0    3    272  3.7  readRegister8_MMA8451
0    234   0    2    625  5.2  begin_MMA8451
0    104   0    5    338  5.0  write_PCA955X
0    172   0    7    656  5.5  read_PCA955X
0    112   0    5    375  5.0  conf_PCA955X
0    150   0    8    557  8.7  Read_bq
0    166   0    7    603  5.9  ReadControl
0     20   0    0     30  1.5  getDeviceType
0     16   0    0     30  1.5  getSOC
0     38   0    2     59  2.3  getVoltage
0     38   0    2     59  2.3  getCurrent
0     20   0    0     30  1.5  getFlags
0     22   0    0     30  1.5  getCycleCount
0     20   0    0     30  1.5  getATTF
0     18   0    0     30  1.5  getChemID
0     38   0    2     39  1.5  getFC
0     18   0    0     48  1.1  M25AA1024_init
0     74   0    9    125  2.2  M25AA1024_sendAddress
0     68   0    5    192  2.7  M25AA1024_read
0    154   0   15    337  0.8  lecturaDirFAT
0     56   0    0    119  3.0  ST7529_displayOn
0     46   0    0     67  1.2  ST7529_reset
0   1292   1    3   4000  6.4  ST7529_init
0     60   0    4             @SFTOI
0     40   0    2    242  4.1  ST7529_send
0    192   0    2    693  4.9  ST7529_clear
0    596   1   11   1794 10.2  ST7529_putChar
0    436   0   80   1046 11.4  ST7529_printf
0    106   0    8    456  9.0  ST7529_printf
0    444   0   81   1068 11.5  ST7529_printfg
0    110   0    9    475  9.2  ST7529_printfg
0    496   0    4   1850  6.4  ST7529_selectFont
0     30   0    3    129  3.5  ST7529_putIcon
0    534   1   18   1700 11.5  ST7529_putIcon2
0    656   1   22   1516  6.2  ST7529_putImageGS
0    148   0   13             @DIV3232
0     82   0    4    108  2.8  writeEEPROM_8bits
0    172   0    8    223  3.4  writeEEPROM_16bits
1    352   0   10    430  3.3  writeEEPROM_32bits
0     34   0    3     29  1.6  readEEPROM_8bits
0     86   0    7     68  2.4  readEEPROM_16bits
1    170   0   11    131  2.5  readEEPROM_32bits
1   3460   3   11   9534  8.5  guardarPresets
1     42   0    0             @goto54693
0     66   0    5             @FTOSD
1     48   0    0             @goto54966
1   4054   4   10  13318 11.5  cargarPresets
1     44   0    0             @goto55036
1     44   0    0             @goto55073
0     56   0    4             @DTOF
1     48   0    0             @goto55419
1    170   0    8    128  4.3  cargaElectro
0    114   0    4    282  5.1  initRegistroPresets
0     94   0    2    168  4.4  initRegError
0     96   0    2    180  4.5  initRegCont
0     40   0    0     67  1.2  initRegistros
0     24   0    0     32  1.0  initRegistrosParciales
0    192   0    4    167  2.3  incRegError
0    442   0    7    652  3.4  incRegCont
1    922   1   13   1393  3.4  incRegTiempo
0    128   0    5    150  3.7  muestraRegErrorMejorado
0     44   0    3             @DIV88
0    132   0    2             @PRINTF_U_9600_31766_31767
0    960   1   26   1066  5.2  muestraRegContMejorado
0    180   0    9             @PRINTF_LU_9600_31766_31767
0    438   0   13             @PRINTF_L32D_9600_31766_31767FPFPF
0     74   0    0    180  0.2  informeIngenieria
0   1054   1   16   5169 10.5  enviaPaquete
0     68   0    0             @goto56342
0    226   0    3   1098  6.5  enviaPaquete
0   3248   3   18  17955 13.6  lecturaPaquete
0     42   0    0             @goto56477
0     42   0    0             @goto56501
0     42   0    0             @goto56564
0     72   0    0             @goto57084
0     70   0    0             @goto57206
0     14   0    2     39  2.0  obtencionChecksum
0   2824   3    8  22661  8.0  calculoChecksum
0     70   0    0             @goto58329
0     68   0    4    258  6.2  busquedaFIFO
0     54   0    3    176  4.0  configuraDatos
0    114   0    4    406  5.8  configuraDatos
0    394   0    4   1151  8.2  envioDatos
0    364   0    5    885  8.7  envioDatos
0     58   0    3    254  4.1  initFIFO
0    158   0    3    527  6.2  checkSize
0     78   0    0   1031  3.4  initArrayComms
0     88   0    2    572  2.8  initMedidasCHA
0     88   0    2    572  2.8  initMedidasCHB
0     88   0    2    572  2.8  initMedidasCHC
0     88   0    2    572  2.8  initMedidasPoi
0    108   0    2    626  3.8  initMedidasGal
0     78   0    2    460  2.8  initMedidasTrans
0    132   0    2    843  3.8  initMedidasTB
0     20   0    0     44  1.0  initMedidasElectro
0    674   1   11   2033  7.8  pantalla_seleccion
0     34   0    1             @SPRINTF
0    124   0    2             @PRINTF_U_2595
0     24   0    0     33  1.3  quitar_cancelar
0     22   0    0     33  1.3  poner_config
0     20   0    0     33  1.3  poner_flecha_izq
0     20   0    0     33  1.3  quitar_flecha_izq
0     20   0    0     33  1.3  poner_flecha_der
0     22   0    0     33  1.3  quitar_flecha_der
0     24   0    0     33  1.3  poner_guardar
0     22   0    0     33  1.3  poner_cargar
0    996   1    2   3594  7.9  representacionPresets
0     40   0    0             @goto59374
0    472   0    2   1461  6.9  menu_0
0    820   1    3   2053  5.9  menu_10
0    204   0    6             @PRINTF_D_2595
0    200   0    9             @PRINTF_LU_2595
0     26   0    0             @const2610
0     50   0    4             @PSTRINGCN_2595
0     74   0    2             @PRINTF_X_2595
0   7838   7   21  18512 13.0  menu_40
0     40   0    0             @goto59679
0     46   0    0             @goto59793
0     14   0    0             @const2619
0     14   0    0             @const2620
0     12   0    0             @const2621
0     12   0    0             @const2622
0     12   0    0             @const2623
0     14   0    0             @const2624
0     12   0    0             @const2625
0     12   0    0             @const2626
0     12   0    0             @const2627
0     12   0    0             @const2628
0     14   0    0             @const2630
0    196   0   12             @PRINTF_L32U_2595
0     14   0    0             @const2633
0     14   0    0             @const2634
0     14   0    0             @const2635
0     30   0    0             @const2636
0     14   0    0             @const2638
0     28   0    0             @const2639
0     12   0    0             @const2640
0     12   0    0             @const2641
0     14   0    0             @const2642
0     14   0    0             @const2643
0   3924   4   19   6908  9.8  menu_80
0     12   0    0             @const2647
0      8   0    0             @const2648
0    122   0   10             @FLT
0     10   0    0             @const2653
0      8   0    0             @const2654
0     12   0    0             @const2656
0      8   0    0             @const2657
0     10   0    0             @const2659
0     12   0    0             @const2660
0     14   0    0             @const2661
0    106   0    0    394  5.1  menu_90
0    198   0    2    538  5.2  menu_91
0    310   0    0    993  6.8  menu_92
0     40   0    0             @goto60710
0     40   0    0             @goto60738
0   6392   6   51  18550 13.0  menu_140
0     40   0    0             @goto60785
0     18   0    0             @const2669
0     26   0    0             @const2670
0     12   0    0             @const2671
0     12   0    0             @const2672
0     14   0    0             @const2673
0     14   0    0             @const2674
0     36   0    0             @const2678
0    450   0   13             @PRINTF_L32D_2595FPFPF
0     10   0    0             @const2688
0      8   0    0             @const2689
0     12   0    0             @const2690
0     12   0    0             @const2691
0     10   0    0             @const2692
0     12   0    0             @const2693
0     10   0    0             @const2694
0     42   0    3             @PSTRINGC_2595
0     12   0    0             @const2699
0     12   0    0             @const2700
0     12   0    0             @const2701
0     12   0    0             @const2702
0     12   0    0             @const2703
0     12   0    0             @const2704
0     12   0    0             @const2705
0     12   0    0             @const2706
0   1662   2   13   5636  8.9  menu_180
0      8   0    0             @const2712
0      8   0    0             @const2713
0     10   0    0             @const2714
0     28   0    0             @const2715
0    380   0    8    537  4.6  menu_200
0     20   0    0             @const2720
0     48   0    0    134  3.4  menu_201
0   1220   1   12   2234  9.5  menu_204
0     16   0    0             @const2725
0     34   0    0             @const2727
0     36   0    0             @const2728
0    256   0    9             @PRINTF_LD_2595
0    226   0    0    892  5.2  menu_205
0    146   0    0    494  4.1  menu_206
0     96   0    0    214  2.6  menu_207
1    700   1    2   1587  8.8  submenu_22
1    470   0    2    882  7.2  submenu_23
1   1412   1    6   2678 10.8  submenu_27
1   1946   2    4   4985 11.9  submenu_28
1    238   0    2    635  8.6  submenu_29
1    138   0    2    295  5.9  submenu_33
1    880   1    8    725  7.0  submenu_34
1    946   1    2   1940  8.3  submenu_42
1     80   0    2    123  3.4  submenu_43
1    454   0    4   1040  5.8  submenu_81
1     92   0    0    212  4.9  submenu_21
1     94   0    0    248  4.1  submenu_25
1    492   0    0   1208  7.3  submenu_41
1     80   0    0    197  3.6  submenu_49
1    200   0    2    214  4.0  submenu_491
1    178   0    2    252  4.6  submenu_11
1    246   0    1    267  4.0  submenu_14
1    286   0    2    356  5.4  submenu_12
1    152   0    0    279  5.9  submenu_15
1     84   0    0    165  3.5  submenu_90
0    148   0    2    703  6.7  serial_isr
0    650   1    2   1684  8.3  TIMER10_isr
0    102   0    1    453  4.7  TIMER12_isr
0    324   0    2   1430  7.8  EXT_isr
0     40   0    0    212  3.2  EXT1_isr
0    150   0    0    795  3.9  EXT3_isr
0     54   0    0    127  3.0  TIMER3_isr
0     44   0    2    349  4.6  RB_isr
1  11316  11   18  47173 21.0  MAIN
0     12   0    0             @const2764
1     40   0    0             @goto64253
0     44   0    1    114  3.4  initReles
0    160   0   13    736  7.5  control_led
0     52   0    2     47  1.8  control_DC
0     66   0    6             @WRITEBITA
0    238   0    8   1186  6.0  control_rele
0     40   0    0             @goto64817
0     52   0    1    188  3.1  ControlSonido
0    144   0    3    176  3.4  ControlSonidoSinTimer
0     60   0    1    197  2.7  ControlSonidoObligatorio
0    108   0    6     90  2.8  update_button
0     12   0    0     24  1.0  read_button
0     72   0    5    151  3.9  is_button_pressed
0     42   0    4    106  3.2  pausa_I
0     76   0    6    195  3.5  pausa_ms
0    440   0    4   2486  5.9  funcion_dormir
0      6   0    0     16  1.0  nivelBateria
0    226   0   14    160  4.7  calc_Tgalv
1    630   1   11    310  5.0  calc_CargaGalv
1    594   1   10    322  5.5  calc_CargaTrans
1    334   0   11    528  7.1  Calc_BWmax
1    110   0    6    111  3.8  Calc_BW
0    274   0   12    220  3.2  Calc_representacion_t
0     88   0    0    132  3.3  checkAutoapagado
0    184   0    6     68  2.7  redondeoI_50
0    184   0    6     68  2.7  redondeo50
0    184   0    6     68  2.7  redondeo10
0    164   0    6     68  2.7  redondeo1
0    186   0    6     68  2.7  redondeoI_100
0   3034   3    5  27794  9.0  f_avisos
0     60   0    0             @goto740
0     52   0    4    179  3.3  delay_ms_wdt
0     52   0    0    152  3.4  apagadoMicrocorrientes
0    280   0    3   1076  7.3  apagadoGalvanica
0    170   0    2    759  6.8  apagadoTranscraneal
0    136   0    2    597  5.3  apagadoTB
0    198   0    2   1079  6.8  apagadoCHA
0    198   0    2   1067  6.3  apagadoCHB
0    196   0    2   1067  6.3  apagadoCHC
0    132   0    0    976  5.3  apagadoCanales
1    236   0    1   1233  4.9  copiarDatosSimetria
0    682   1    5   3391  8.4  comprobacionLimitesFrecuencia
0     58   0    0             @goto1201
0     24   0    0     74  2.9  isPower12OK
0     24   0    0     74  2.9  isPower48OK
0     28   0    0     48  1.1  reset_orco
1     40   0    0     33  1.3  pitidoTecla
0     40   0    0     33  1.3  pitidoCorto
0     40   0    0     33  1.3  pitidoLargo
0     42   0    0     33  1.3  pitidoPointerConectado
0     42   0    0     33  1.3  pitidoPointerDesconectado
0     38   0    0     33  1.3  pitidoErrorElectrodoIndefinido
0     40   0    0     33  1.3  pitidoLargoError
0    246   0    3   1260  3.5  preparacionEntradaCarga
1    116   0    1    567  4.8  switchApagadoCanalElectro
1     40   0    0             @goto1407
1     88   0    0    421  3.8  pausaCanalesElectro
1    164   0    1    519  4.3  apagadoCanalElectro
1     40   0    0             @goto1460
0     70   0    1    125  2.5  comprobacionAlimentacionesOK
0     52   0    1    147  3.5  apagadoLEDS
0    176   0    0    391  3.3  initValoresSistema
0     38   0    1     80  1.7  enciendeLEDVerde
0     36   0    1     80  1.7  enciendeLEDVRojo
1   1068   1    0   2754  4.9  menusRulancha
1     70   0    0     63  2.9  incrementoCorriente
1     86   0    0     63  2.9  decrementoCorriente
1    160   0    0    907  5.3  saltosMenuTratamientoElectro
1     40   0    0             @goto1738
0     24   0    0     61  2.3  detectarCableBipolar
0    518   0   10    646  8.4  tensionCargadorCorrecta
0     40   0    3     86  2.8  comprobacionComunicacionBQ
0     78   0    1    160  3.1  parpadeoErrorAlimentacion
0     34   0    1    104  3.3  encendidoLedsRojos
0     34   0    1    104  3.3  apagadoLedsRojos
0      6   0    0     32  1.0  restart_wdt_hw
0    336   0    3   1206  7.3  hayErrorComunicaciones
0   2384   2    4   9363 10.5  hayDatoRecibido
0     60   0    0             @goto2153
1     88   0    0    439  3.8  deteccionTeclaPulsada
1   6040   6    6  17832 16.9  teclaArribaPulsada
1   6182   6    6  19537 16.4  teclaAbajoPulsada
1    932   1    4   4061 13.2  teclaDerechaPulsada
1     40   0    0             @goto4029
1    646   1    1   4184 13.4  teclaIzquierdaPulsada
1     48   0    0             @goto4180
1     40   0    0             @goto4248
1   3308   3    6  12262 11.5  teclaStartStopPulsada
1     40   0    0             @goto4514
1     40   0    0             @goto4622
1     40   0    0             @goto4657
1     40   0    0             @goto4691
1    624   1    6   2731 10.5  bloqueEnvioDatos
1     40   0    0             @goto4838
1     80   0    2    218  4.1  bloqueCambiosElectro
1     50   0    0    136  3.5  bloqueCambiosTB
1     98   0    2    254  4.1  bloqueCambiosGalvanica
1     72   0    2    240  3.7  bloqueCambiosTranscraneal
1    216   0   12    127  3.7  calculoJulios
1    266   0   12    150  4.2  calculoJuliosRampa
0    336   0   24    580  8.5  calculoComponenteGalvanica
0    138   0    8    181  4.3  conversionPW
 Inline         0             @cinit1

Program metrics:
    Functions               215
    Statements              8718
    Comments                15823
    Volume (V)              639483
    Difficulty (D)          1100.2
    Effort to implement (E) 703558844
    Time to implement (T)   10857 hours, 23 minutes
    Est Delivered Bugs (B)  264
    Cyclomatic Complexity   1749
    Maintainability (MI)    101

 Segment     Used  Free
-----------  ----  ----
00000-00002     4  0  
00004-00006     0  4  
00008-001CA   452  0  
001CC-0FFFE  65066  10  
10000-1FFFE  52624  12912  



